30
40
WWWWWWWWWWWWWWWWWWWWWWWWWWWWWW
W                            W
W                            W
W                            W
W                            W
W                            W
W                            W
W                            W
W                            W
W                            W
W                            W
W                            W
W                            W
W                            W
W                            W
W                            W
W                            W
W                            W
W                            W
W                            W
W                            W
W                            W
W                            W
W                            W
W                            W
W                            W
W                            W
W                            W
W                            W
W                            W
W                            W
W                            W
WWWWWWWWWWWWWW  WWWWWWWWWWWWWW
W                            W
W                            W
W                            W
W                            W
W                            W
W                            W
WWWWWWWWWWWWWWWWWWWWWWWWWWWWWW